
> 7-stylesync-gestion-de-peluquerias-y-citas@0.0.0 build
> tsc -b && vite build

src/lib/store/queries/useAnnouncements.ts(2,26): error TS2307: Cannot find module '../supabaseClient' or its corresponding type declarations.
src/lib/store/queries/useAnnouncements.ts(3,35): error TS2307: Cannot find module '../types/store.types' or its corresponding type declarations.
src/lib/store/queries/useAnnouncements.ts(4,30): error TS2307: Cannot find module './authStore' or its corresponding type declarations.
src/lib/store/queries/useAnnouncements.ts(5,28): error TS2307: Cannot find module './uiStore' or its corresponding type declarations.
src/lib/store/queries/useAppointments.ts(2,26): error TS2307: Cannot find module '../supabaseClient' or its corresponding type declarations.
src/lib/store/queries/useAppointments.ts(3,34): error TS2307: Cannot find module '../types/store.types' or its corresponding type declarations.
src/lib/store/queries/useAppointments.ts(4,30): error TS2307: Cannot find module './authStore' or its corresponding type declarations.
src/lib/store/queries/useAppointments.ts(5,28): error TS2307: Cannot find module './uiStore' or its corresponding type declarations.
src/lib/store/queries/useAppointments.ts(69,34): error TS6133: 'byClient' is declared but its value is never read.
src/lib/store/queries/useBlockedSlots.ts(2,26): error TS2307: Cannot find module '../supabaseClient' or its corresponding type declarations.
src/lib/store/queries/useBlockedSlots.ts(3,34): error TS2307: Cannot find module '../types/store.types' or its corresponding type declarations.
src/lib/store/queries/useBlockedSlots.ts(4,30): error TS2307: Cannot find module './authStore' or its corresponding type declarations.
src/lib/store/queries/useBlockedSlots.ts(5,28): error TS2307: Cannot find module './uiStore' or its corresponding type declarations.
src/lib/store/queries/useClients.ts(2,26): error TS2307: Cannot find module '../supabaseClient' or its corresponding type declarations.
src/lib/store/queries/useClients.ts(3,29): error TS2307: Cannot find module '../types/store.types' or its corresponding type declarations.
src/lib/store/queries/useClients.ts(4,30): error TS2307: Cannot find module './authStore' or its corresponding type declarations.
src/lib/store/queries/useClients.ts(5,28): error TS2307: Cannot find module './uiStore' or its corresponding type declarations.
src/lib/store/queries/useServices.ts(2,26): error TS2307: Cannot find module '../supabaseClient' or its corresponding type declarations.
src/lib/store/queries/useServices.ts(3,30): error TS2307: Cannot find module '../types/store.types' or its corresponding type declarations.
src/lib/store/queries/useServices.ts(4,30): error TS2307: Cannot find module './authStore' or its corresponding type declarations.
src/lib/store/queries/useServices.ts(5,28): error TS2307: Cannot find module './uiStore' or its corresponding type declarations.
src/lib/store/queries/useTenantData.ts(2,26): error TS2307: Cannot find module '../supabaseClient' or its corresponding type declarations.
src/lib/store/queries/useTenantData.ts(3,31): error TS6196: 'Tenant' is declared but never used.
src/lib/store/queries/useTenantData.ts(3,45): error TS2307: Cannot find module '../types/store.types' or its corresponding type declarations.
src/lib/store/queries/useTenantData.ts(4,30): error TS2307: Cannot find module './authStore' or its corresponding type declarations.
src/lib/store/queries/useTenantData.ts(6,28): error TS2307: Cannot find module './uiStore' or its corresponding type declarations.
src/lib/store/queries/useWaitingList.ts(2,26): error TS2307: Cannot find module '../supabaseClient' or its corresponding type declarations.
src/lib/store/queries/useWaitingList.ts(3,36): error TS2307: Cannot find module '../types/store.types' or its corresponding type declarations.
src/lib/store/queries/useWaitingList.ts(4,30): error TS2307: Cannot find module './authStore' or its corresponding type declarations.
src/lib/store/queries/useWaitingList.ts(5,28): error TS2307: Cannot find module './uiStore' or its corresponding type declarations.
